2026-09-02T15:47:25	gongin	daily	EXISTS	이미 생성됨: /sessions/tender-cool-cerf/mnt/velog-posts/공인중개사/데일리퀴즈/2026-09-02.html
2026-09-02T15:47:26	gongin	retry	EXISTS	이미 생성됨: /sessions/tender-cool-cerf/mnt/velog-posts/공인중개사/오답퀴즈/2026-09-02.html
2026-09-02T15:47:26	bupsa2	retry	EXISTS	이미 생성됨: /sessions/tender-cool-cerf/mnt/velog-posts/법무사/2차/오답퀴즈/2026-09-02.html
2026-09-02T15:47:26	bupsa1	daily	SKIP	스킵 — 신규 0·장기 0 (문제지 미생성)
2026-09-02T15:47:26	bupsa1	retry	DUE0	듀 0 — 오답퀴즈 없음
2026-09-03T09:17:06	gongin	retry	OK	20문항 (단답 5 · 한달전 0 · 장기복습 0) → 2026-09-03.html
2026-09-03T09:18:15	bupsa1	retry	DUE0	듀 0 — 오답퀴즈 없음
2026-09-03T09:26:02	bupsa2	daily	OK	6문항 (단답 6 · 한달전 0 · 장기복습 0) → 2026-09-03.html
2026-09-03T09:30:47	bupsa1	daily	SKIP	스킵 — 신규 0·장기 0 (문제지 미생성)
2026-09-03T09:35:36	gongin	daily	OK	50문항 (단답 4 · 한달전 10 · 장기복습 20) → 2026-09-03.html
2026-09-04T08:54:31	gongin	retry	OK	20문항 (단답 5 · 한달전 0 · 장기복습 0) → 2026-09-04.html
2026-09-04T19:00:26	bupsa1	retry	DUE0	듀 0 — 오답퀴즈 없음
2026-09-04T19:07:09	bupsa2	retry	OK	12문항 (단답 12 · 한달전 0 · 장기복습 0) → 2026-09-04.html
2026-09-04T19:18:16	gongin	daily	OK	50문항 (단답 3 · 한달전 10 · 장기복습 20) → 2026-09-04.html
2026-09-05T12:19:04	gongin	retry	OK	20문항 (단답 5 · 한달전 0 · 장기복습 0) → 2026-09-05.html
2026-09-05T12:21:46	bupsa2	retry	OK	12문항 (단답 12 · 한달전 0 · 장기복습 0) → 2026-09-05.html
2026-09-05T12:31:39	gongin	daily	OK	50문항 (단답 5 · 한달전 10 · 장기복습 20) → 2026-09-05.html
2026-09-06T15:42:43	bupsa2	retry	OK	12문항 (단답 12 · 한달전 0 · 장기복습 0) → 2026-09-06.html
2026-09-07T14:35:05	gongin	retry	OK	20문항 (단답 5 · 한달전 0 · 장기복습 0) → 2026-09-07.html
2026-09-07T14:37:07	bupsa1	retry	DUE0	듀 0 — 오답퀴즈 없음
2026-09-07T14:38:59	gongin	weekly	OK	2026-09-07-claude_oxquize.md
2026-09-07T14:40:14	bupsa1	weekly	SKIP	원장 초기 — 원천 0건(exit 2) · 노트 미생성(1차 가동 전 정상)
2026-09-07T14:42:50	bupsa2	weekly	OK	2026-09-07-claude_oxquize.md
2026-09-07T15:00:08	gongin	daily	OK	50문항 (단답 5 · 한달전 10 · 장기복습 20) → 2026-09-07.html | 경고 1
2026-09-07T15:32:00	anki	weekly	OK	카드 118장(94노트)·n: 3건
2026-09-07T20:22:42	anki	weekly	OK	덱 재생성 스킵(§0 — apkg 기존) · §6 2차 수집 n: 1건(신규 0·보강 1·충돌 0) · 빌드 후 노트 3개 이월 53항목(★★23·★30) 기재
2026-09-09T09:26:15	gongin	daily	FAIL	q[7] calc.expected(3.3)가 정답 보기 '3억 3천만원' 안에 없음 / q[10] calc.expected(1.5)가 정답 보기 '1억 5천만원' 안에 없음 / q[11] calc.expected(3.2)가 정답 보기 '3억 2천만원' 안에 없음
2026-09-09T09:27:32	gongin	daily	OK	50문항 (단답 5 · 한달전 10 · 장기복습 20) → 2026-09-09.html
2026-09-09T09:29:06	bupsa2	retry	OK	12문항 (단답 12 · 한달전 0 · 장기복습 0) → 2026-09-09.html
2026-09-09T09:32:18	bupsa1	retry	DUE0	듀 0 — 오답퀴즈 없음
2026-09-09T09:32:34	gongin	retry	OK	20문항 (단답 5 · 한달전 0 · 장기복습 0) → 2026-09-09.html
2026-09-09T09:34:13	bupsa1	daily	SKIP	스킵 — 신규 0·장기 0 (문제지 미생성)
2026-09-09T09:34:54	anki	special	OK	이월특집 95장(65노트) — 09-07 이월 53항목 중 52 소진 · 독립검증 위반3+결함18 전량 조치 · 상한 상향(신규40/일·lane_cap120·ceiling280·구노트쿼터40 신설)
2026-09-09T09:45:07	bupsa2	daily	OK	12문항 (단답 12 · 한달전 0 · 장기복습 3) → 2026-09-09.html
2026-09-10T09:22:38	gongin	retry	OK	20문항 (단답 5 · 한달전 0 · 장기복습 0) → 2026-09-10.html
2026-09-10T09:25:58	bupsa2	daily	OK	12문항 (단답 12 · 한달전 0 · 장기복습 3) → 2026-09-10.html
2026-09-10T09:27:41	bupsa1	retry	DUE0	듀 0 — 오답퀴즈 없음
2026-09-10T09:28:46	bupsa2	daily	EXISTS	이미 생성됨: /sessions/elegant-busy-edison/mnt/velog-posts/법무사/2차/데일리퀴즈/2026-09-10.html
2026-09-10T09:30:01	bupsa1	daily	SKIP	스킵 — 신규 0·장기 0 (문제지 미생성)
2026-09-10T09:36:29	gongin	daily	OK	50문항 (단답 4 · 한달전 10 · 장기복습 20) → 2026-09-10.html | 경고 1
2026-09-12T15:03:03	gongin	retry	OK	20문항 (단답 5 · 한달전 0 · 장기복습 0) → 2026-09-12.html
2026-09-12T15:04:05	bupsa1	retry	DUE0	듀 0 — 오답퀴즈 없음
2026-09-12T15:06:33	bupsa2	retry	FAIL	q[0](형법 1-3 구체적 위험범과 추상적 위험범의 판별식) evidence.quote 가 plan.picks[].samples(q·expl)에 없음 — note=samples · quote 앞 40자='추상적 위험범은 공공의 위험의 발생을 요하지 아니하고 행위 자체로 구성요' / q[1](형법 1-9 위법성 착오는 책임 단계, 정당한 이유 요구) evidence.quote 가 plan.picks[].samples(q·expl)에 없음 — note=samples · quote 앞 40자='위법성은 행위 자체에 대한 평가이고 책임은 행위자에 대한 비난가능성의 평' / q[2](형법 1-8 싸움에서 정당방위가 인정될 수 있는 경우) evidence.quote 가 plan.picks[].samples(q·exp
2026-09-12T15:09:37	bupsa2	retry	OK	12문항 (단답 12 · 한달전 0 · 장기복습 0) → 2026-09-12.html
2026-09-12T15:10:38	gongin	daily	FAIL	q[36] calc.expected(14000000)가 정답 보기 '1,400만원' 안에 없음 / q[37] calc.expected(6000000)가 정답 보기 '600만원' 안에 없음
2026-09-12T15:12:06	gongin	daily	OK	50문항 (단답 5 · 한달전 10 · 장기복습 20) → 2026-09-12.html | 경고 1
2026-09-12T17:32:57	anki	special	OK	구노트공법특집 75장(57노트) — 구노트 레인 첫 실전(공법 12노트) · 독립검증 사실오류3·결함15 → 삭제6·수정18·분할4 · 목표모델 전환(card_target 280·{} 표식 신설·OS v2.6·코어 v3.10·spec v1.3)
2026-09-13T10:19:56	bupsa2	retry	OK	12문항 (단답 12 · 한달전 0 · 장기복습 0) → 2026-09-13.html
2026-09-14T09:45:15	gongin	retry	OK	20문항 (단답 5 · 한달전 0 · 장기복습 0) → 2026-09-14.html
2026-09-14T09:48:08	bupsa1	retry	DUE0	듀 0 — 오답퀴즈 없음
2026-09-14T09:52:11	bupsa2	weekly	OK	2026-09-14-claude_oxquize.md
2026-09-14T09:54:16	bupsa1	weekly	SKIP	원장 초기 — 원천 0건(exit 2) · 노트 미생성(1차 가동 전 정상) · 미실행일 2026-09-08
2026-09-14T09:55:47	gongin	daily	FAIL	q[3] calc.expected(35000000000)가 정답 보기 '350억원' 안에 없음 / q[33] calc.expected(72000000)가 정답 보기 '7,200만원' 안에 없음 / q[34] calc.expected(317500000)가 정답 보기 '3억 1,750만원' 안에 없음
2026-09-14T09:57:57	gongin	daily	OK	50문항 (단답 4 · 한달전 10 · 장기복습 20) → 2026-09-14.html
2026-09-14T09:59:04	gongin	weekly	OK	2026-09-14-claude_oxquize.md
2026-09-14T16:08:25	anki	weekly	OK	카드 382장(299행 · 의무 359+채우기 23 · 목표 280 대비 136% · 상한 320 초과 62장 = 9.6일치)·n: 7건(신규 3·보강 1·충돌 0) · 독립검증 3에이전트: 사실오류 17(경미)·출제금지 2(경미)·표식 4·인출결함 70 → 삭제2·분할1·추가1·수정74 재빌드 → 2026-09-14.apkg
2026-09-15T09:14:44	bupsa1	retry	DUE0	듀 0 — 오답퀴즈 없음
2026-09-15T09:15:39	gongin	retry	OK	20문항 (단답 5 · 한달전 0 · 장기복습 0) → 2026-09-15.html
2026-09-15T09:25:18	gongin	daily	FAIL	q[7] calc.expected(3400)가 정답 보기 '3천 4백만원' 안에 없음
2026-09-15T09:26:06	gongin	daily	OK	50문항 (단답 5 · 한달전 10 · 장기복습 20) → 2026-09-15.html
2026-09-15T09:30:04	bupsa1	daily	SKIP	스킵 — 신규 0·장기 0 (문제지 미생성)
2026-09-15T09:31:03	bupsa2	daily	OK	12문항 (단답 12 · 한달전 0 · 장기복습 3) → 2026-09-15.html
2026-09-16T09:15:28	gongin	retry	OK	20문항 (단답 5 · 한달전 0 · 장기복습 0) → 2026-09-16.html
2026-09-16T09:17:06	bupsa1	retry	DUE0	듀 0 — 오답퀴즈 없음
2026-09-16T09:22:58	bupsa2	retry	OK	12문항 (단답 12 · 한달전 0 · 장기복습 0) → 2026-09-16.html
2026-09-16T09:23:22	bupsa2	retry	OK	12문항 (단답 12 · 한달전 0 · 장기복습 0) → 2026-09-16.html
2026-09-16T09:26:16	gongin	daily	FAIL	q[2] calc.expected(120000)가 정답 보기 '12억원' 안에 없음 / q[34] calc.expected(200000000)가 정답 보기 '2억원' 안에 없음
2026-09-16T09:28:03	gongin	daily	OK	50문항 (단답 5 · 한달전 10 · 장기복습 20) → 2026-09-16.html | 경고 1
2026-09-17T09:15:10	bupsa1	retry	DUE0	듀 0 — 오답퀴즈 없음
2026-09-17T09:16:56	gongin	retry	OK	25문항 (단답 5 · 한달전 0 · 장기복습 0) → 2026-09-17.html
2026-09-17T09:28:47	gongin	daily	OK	50문항 (단답 4 · 한달전 10 · 장기복습 20) → 2026-09-17.html
2026-09-17T09:30:27	bupsa1	daily	SKIP	스킵 — 신규 0·장기 0 (문제지 미생성)
2026-09-17T09:31:53	bupsa2	daily	OK	12문항 (단답 12 · 한달전 0 · 장기복습 3) → 2026-09-17.html
2026-09-19T15:34:48	gongin	retry	OK	25문항 (단답 5 · 한달전 0 · 장기복습 0) → 2026-09-19.html
2026-09-19T15:36:39	bupsa1	retry	DUE0	듀 0 — 오답퀴즈 없음
2026-09-19T15:41:25	bupsa2	retry	OK	12문항 (단답 12 · 한달전 0 · 장기복습 0) → 2026-09-19.html
2026-09-21T09:41:20	gongin	daily	OK	50문항 (단답 4 · 한달전 10 · 장기복습 20) → 2026-09-21.html
2026-09-21T09:43:33	gongin	retry	OK	25문항 (단답 5 · 한달전 0 · 장기복습 0) → 2026-09-21.html
2026-09-21T09:44:57	bupsa1	retry	DUE0	듀 0 — 오답퀴즈 없음
2026-09-21T09:46:49	gongin	weekly	OK	2026-09-21-claude_oxquize.md
2026-09-21T09:47:05	bupsa2	weekly	OK	2026-09-21-claude_oxquize.md
2026-09-21T10:22:52	anki	weekly	OK	카드 236장(195행)·n: 6건(신규 3)·의무 226+상습 10·독립검증 3분할(사실오류 6→조치·금지위반 0·설계결함 15→수정)·보류 10
2026-09-25T12:29:42	bupsa1	retry	DUE0	듀 0 — 오답퀴즈 없음
2026-09-25T03:38:43	gongin	daily	OK	50문항 (단답 3 · 한달전 10 · 장기복습 20) → 2026-09-25.html
2026-09-25T23:45:04	gongin	retry	FAIL	plan 파일 없음: /sessions/rcw-01qztpcycz2f3p136y8itdqn/mnt/velog-posts/공인중개사/오답퀴즈/_work/2026-09-25.plan.json
2026-09-25T23:45:51	gongin	retry	OK	25문항 (단답 5 · 한달전 0 · 장기복습 0) → 2026-09-26.html
